#-----------------------------------------------------------
# Vivado v2024.1 (64-bit)
# SW Build 5076996 on Wed May 22 18:37:14 MDT 2024
# IP Build 5075265 on Wed May 22 21:45:21 MDT 2024
# SharedData Build 5076995 on Wed May 22 18:29:18 MDT 2024
# Start of session at: Fri Nov  1 18:18:23 2024
# Process ID: 12556
# Current directory: F:/Desktop/dlab_course/DCL_LAB/lab8_for_student
# Command line: vivado.exe -gui_launcher_event rodinguilauncherevent9416 F:\Desktop\dlab_course\DCL_LAB\lab8_for_student\lab8.xpr
# Log file: F:/Desktop/dlab_course/DCL_LAB/lab8_for_student/vivado.log
# Journal file: F:/Desktop/dlab_course/DCL_LAB/lab8_for_student\vivado.jou
# Running On        :DESKTOP-QI5ML8H
# Platform          :Windows Server 2016 or Windows 10
# Operating System  :19043
# Processor Detail  :12th Gen Intel(R) Core(TM) i5-12400
# CPU Frequency     :2496 MHz
# CPU Physical cores:6
# CPU Logical cores :12
# Host memory       :34118 MB
# Swap memory       :13958 MB
# Total Virtual     :48077 MB
# Available Virtual :11297 MB
#-----------------------------------------------------------
start_gui
open_project F:/Desktop/dlab_course/DCL_LAB/lab8_for_student/lab8.xpr
update_compile_order -fileset sources_1
reset_run synth_1
